
After Print cat.function_list


After Print cat.function_list


After Print cat.function_list


After Print cat.function_list


I got the PromptStr OhmsLaw


I got the PromptStr Series_Resistive_Inductance


I got the PromptStr OhmsLaw


I got the PromptStr OhmsLaw


I got the PromptStr Series_Resistive_Inductance


I got the PromptStr OhmsLaw


I got the Function List: OrderedDict([('Ohms Law', 'OhmsLaw'), ('Series Resistive Inductance', 'Series_Resistive_Inductance')])


I got the PromptStr OhmsLaw


I got the Function List: OrderedDict([('Ohms Law', 'OhmsLaw'), ('Series Resistive Inductance', 'Series_Resistive_Inductance')])


I got the PromptStr OhmsLaw


I got the Function List: ['Ohms Law', 'Series Resistive Inductance']


I got the PromptStr OhmsLaw


I got the Function List: ['OhmsLaw', 'Series_Resistive_Inductance']


I got the PromptStr OhmsLaw


I got the Function List: 'OhmsLaw'


I got the PromptStr OhmsLaw


I got the Function List: 'OhmsLaw'


I got the PromptStr OhmsLaw


I got the Function List: 'OhmsLaw'


I got the PromptStr OhmsLaw


I got the Function List: 'Series_Resistive_Inductance'


I got the PromptStr Series_Resistive_Inductance


I got the Function List: 'OhmsLaw'


I got the PromptStr OhmsLaw


I got the Function List: <bound method Metric_to_Imperial.form_celsius of <Metric_to_Imperial.Metric_to_Imperial object at 0x7f1de64e5cd0>>


I got the Function List: <bound method Metric_to_Imperial.form_celsius of <Metric_to_Imperial.Metric_to_Imperial object at 0x7f1de64e5cd0>>


I got the Function List: <bound method Metric_to_Imperial.form_celsius of <Metric_to_Imperial.Metric_to_Imperial object at 0x7f1de64e5cd0>>


I got the Function List: <bound method Metric_to_Imperial.form_celsius of <Metric_to_Imperial.Metric_to_Imperial object at 0x7f8ffb99acd0>>


I got the Function List: <bound method Metric_to_Imperial.form_celsius of <Metric_to_Imperial.Metric_to_Imperial object at 0x7f8ffb99acd0>>


I got the Function List: <bound method Metric_to_Imperial.form_celsius of <Metric_to_Imperial.Metric_to_Imperial object at 0x7f8ffb99acd0>>


I got the Function List: <bound method Metric_to_Imperial.form_celsius of <Metric_to_Imperial.Metric_to_Imperial object at 0x7f8ffb99acd0>>


I got the Function List: <bound method Metric_to_Imperial.form_celsius of <Metric_to_Imperial.Metric_to_Imperial object at 0x7f8ffb99acd0>>


I got the Function List: <bound method Metric_to_Imperial.form_celsius of <Metric_to_Imperial.Metric_to_Imperial object at 0x7f8ffb99acd0>>


I got the Function List: <bound method Metric_to_Imperial.form_celsius of <Metric_to_Imperial.Metric_to_Imperial object at 0x7f6dde60ccd0>>


I got the Function List: <bound method Metric_to_Imperial.form_celsius of <Metric_to_Imperial.Metric_to_Imperial object at 0x7f6dde60ccd0>>


I got the Function List: <bound method Metric_to_Imperial.form_celsius of <Metric_to_Imperial.Metric_to_Imperial object at 0x7f6dde60ccd0>>


I got the Function List: <bound method Metric_to_Imperial.form_celsius of <Metric_to_Imperial.Metric_to_Imperial object at 0x7f6dde60ccd0>>


I got the Function List: <bound method Metric_to_Imperial.form_celsius of <Metric_to_Imperial.Metric_to_Imperial object at 0x7f6dde60ccd0>>


I got the Function List: <bound method Metric_to_Imperial.form_meters2 of <Metric_to_Imperial.Metric_to_Imperial object at 0x7f6dde60ccd0>>


I got the Function List: <bound method Metric_to_Imperial.form_celsius of <Metric_to_Imperial.Metric_to_Imperial object at 0x7f8b2d7c1c90>>


I got the Function List: <bound method Metric_to_Imperial.form_celsius of <Metric_to_Imperial.Metric_to_Imperial object at 0x7f37c91bfc50>>


I got the Function List: 'OhmsLaw'


I got the Function List: 'OhmsLaw'


I got the Function List: 'OhmsLaw'


I got the PromptStr OhmsLaw


I got the Function List: <bound method Metric_to_Imperial.form_celsius of <Metric_to_Imperial.Metric_to_Imperial object at 0x7fd3bd2d1e10>>


I got the Function List: OhmsLaw


I got the Function List: <bound method Metric_to_Imperial.form_celsius of <Metric_to_Imperial.Metric_to_Imperial object at 0x7fe5685b4c50>>


I got the Function List: OhmsLaw


I got the Function List: OhmsLaw


I got the Function List: OhmsLaw


I got the Function List: OhmsLaw


I got the Function List: OhmsLaw


I got the Function List: <bound method Metric_to_Imperial.form_celsius of <Metric_to_Imperial.Metric_to_Imperial object at 0x7f39a1d39d90>>


I got the Function List: <bound method Metric_to_Imperial.form_centimeters of <Metric_to_Imperial.Metric_to_Imperial object at 0x7f39a1d39d90>>


I got the Function List: <bound method Metric_to_Imperial.form_centimeters of <Metric_to_Imperial.Metric_to_Imperial object at 0x7f39a1d39d90>>


I got the Function List: <bound method Metric_to_Imperial.form_celsius of <Metric_to_Imperial.Metric_to_Imperial object at 0x7f57be621c50>>


I got the Function List: <bound method Metric_to_Imperial.form_centimeters of <Metric_to_Imperial.Metric_to_Imperial object at 0x7f57be621c50>>


I got the Function List: OhmsLaw


I got the Function List: OhmsLaw


I got the Function List: OhmsLaw


I got the Function List: <bound method Metric_to_Imperial.form_celsius of <Metric_to_Imperial.Metric_to_Imperial object at 0x7febe2764dd0>>


I got the Function List: <bound method PlaneAngle.form_degrees of <PlaneAngle.PlaneAngle object at 0x7febe2764f50>>


I got the Function List: <bound method OhmsLaw.form_voltsar of <OhmsLaw.OhmsLaw object at 0x7f860b8dbc10>>


I got the Function List: <bound method Metric_to_Imperial.form_celsius of <Metric_to_Imperial.Metric_to_Imperial object at 0x7fa9a7c6fc50>>


I got the Function List: OhmsLaw


I got the Function List: OhmsLaw


I got the Function List: OhmsLaw


I got the Function List: OhmsLaw


I got the Function List: OhmsLaw


I got the Function List: OhmsLaw


I got the Function List: OhmsLaw


I got the Function List: OhmsLaw


I got the Function List: <bound method Metric_to_Imperial.form_celsius of <Metric_to_Imperial.Metric_to_Imperial object at 0x7f6636f04c90>>


I got the Function List: OhmsLaw


I got the Function List: <bound method Imperial_to_Metric.form_cuyards of <Imperial_to_Metric.Imperial_to_Metric object at 0x7f17f4b51d10>>


I got the Function List: OhmsLaw


I got the Function List: <bound method PlaneAngle.form_degrees of <PlaneAngle.PlaneAngle object at 0x7f9c44c81c10>>


I got the Function List: OhmsLaw


I got the Function List: OhmsLaw


I got the Function List: <bound method Metric_to_Imperial.form_celsius of <Metric_to_Imperial.Metric_to_Imperial object at 0x7fccb2f03dd0>>


I got the Function List: OhmsLaw


I got the Function List: OhmsLaw


I got the Function List: OhmsLaw


I got the Function List: OhmsLaw


I got the Function List: OhmsLaw


I got the Function List: Series_Resistive_Inductance


I got the Function List: Series_Resistive_Inductance


I got the Function List: Series_Resistive_Inductance


I got the Function List: OhmsLaw


I got the Function List: Series_Resistive_Inductance


I got the Function List: OhmsLaw


I got the Function List: <bound method Energy_or_Work.form_btu2 of <Energy_or_Work.Energy_or_Work object at 0x7f7f68653a50>>


I got the Function List: <bound method Power.form_btuhour of <Power.Power object at 0x7f4373143bd0>>


I got the Function List: <bound method Metric_to_Imperial.form_celsius of <Metric_to_Imperial.Metric_to_Imperial object at 0x7ff4e8ea7c90>>


None


None


None


None


None


None


None


None


None


None


None


None


None


None


None


None


None


None


None


None


None


None


None


None


None


None


None


None


This is what i gotNone


This is what i gotNone


This is what i gotNone


This is what i gotNone


This is what i gotNone


This is what i gotNone


This is what i gotNone


This is what i gotNone


This is what i gotNone


This is what i gotNone


This is what i gotNone


This is what i gotNone


This is what i gotNone


This is what i gotNone


This is what i gotNone


This is what i gotNone


This is what i gotNone


This is what i gotNone


This is what i gotNone


This is what i gotNone


This is what i gotNone


This is what i gotNone


This is what i gotNone


This is what i gotNone


This is what i gotNone


This is what i gotNone


This is what i gotNone


This is what i gotNone


here is after the main title


after we set the counter


in the for loop


after we set the format for the menu


after we increment the counter


trying to populate the empty listNone


in the for loop


after we set the format for the menu


after we increment the counter


trying to populate the empty listNone


in the for loop


after we set the format for the menu


after we increment the counter


trying to populate the empty listNone


in the for loop


after we set the format for the menu


after we increment the counter


trying to populate the empty listNone


in the for loop


after we set the format for the menu


after we increment the counter


trying to populate the empty listNone


in the for loop


after we set the format for the menu


after we increment the counter


trying to populate the empty listNone


in the for loop


after we set the format for the menu


after we increment the counter


trying to populate the empty listNone


here is after the main title


after we set the counter


in the for loop


after we set the format for the menu


after we increment the counter


trying to populate the empty listNone


in the for loop


after we set the format for the menu


after we increment the counter


trying to populate the empty listNone


in the for loop


after we set the format for the menu


after we increment the counter


trying to populate the empty listNone


in the for loop


after we set the format for the menu


after we increment the counter


trying to populate the empty listNone


in the for loop


after we set the format for the menu


after we increment the counter


trying to populate the empty listNone


in the for loop


after we set the format for the menu


after we increment the counter


trying to populate the empty listNone


in the for loop


after we set the format for the menu


after we increment the counter


trying to populate the empty listNone


OrderedDict([('Metric To Imperial', 'Metric_to_Imperial'), ('Imperial to Metric', 'Imperial_to_Metric'), ('Imperial to Imperial', 'Imperial_to_Imperial'), ('Torque', 'Torque'), ('Power', 'Power'), ('Energy or Work', 'Energy_or_Work'), ('Plane Angle', 'PlaneAngle')])


here is after the main title


after we set the counter


OrderedDict([('Metric To Imperial', 'Metric_to_Imperial'), ('Imperial to Metric', 'Imperial_to_Metric'), ('Imperial to Imperial', 'Imperial_to_Imperial'), ('Torque', 'Torque'), ('Power', 'Power'), ('Energy or Work', 'Energy_or_Work'), ('Plane Angle', 'PlaneAngle')])


here is after the main title


after we set the counter


in the for loop('Metric To Imperial', 'Metric_to_Imperial')


after we set the format for the menu


after we increment the counter


trying to populate the empty listNone


in the for loop('Imperial to Metric', 'Imperial_to_Metric')


after we set the format for the menu


after we increment the counter


trying to populate the empty listNone


in the for loop('Imperial to Imperial', 'Imperial_to_Imperial')


after we set the format for the menu


after we increment the counter


trying to populate the empty listNone


in the for loop('Torque', 'Torque')


after we set the format for the menu


after we increment the counter


trying to populate the empty listNone


in the for loop('Power', 'Power')


after we set the format for the menu


after we increment the counter


trying to populate the empty listNone


in the for loop('Energy or Work', 'Energy_or_Work')


after we set the format for the menu


after we increment the counter


trying to populate the empty listNone


in the for loop('Plane Angle', 'PlaneAngle')


after we set the format for the menu


after we increment the counter


trying to populate the empty listNone


OrderedDict([('Metric To Imperial', 'Metric_to_Imperial'), ('Imperial to Metric', 'Imperial_to_Metric'), ('Imperial to Imperial', 'Imperial_to_Imperial'), ('Torque', 'Torque'), ('Power', 'Power'), ('Energy or Work', 'Energy_or_Work'), ('Plane Angle', 'PlaneAngle')])


here is after the main title


after we set the counter


in the for loop('Metric To Imperial', 'Metric_to_Imperial')


after we set the format for the menu


after we increment the counter


trying to populate the empty listNone


in the for loop('Imperial to Metric', 'Imperial_to_Metric')


after we set the format for the menu


after we increment the counter


trying to populate the empty listNone


in the for loop('Imperial to Imperial', 'Imperial_to_Imperial')


after we set the format for the menu


after we increment the counter


trying to populate the empty listNone


in the for loop('Torque', 'Torque')


after we set the format for the menu


after we increment the counter


trying to populate the empty listNone


in the for loop('Power', 'Power')


after we set the format for the menu


after we increment the counter


trying to populate the empty listNone


in the for loop('Energy or Work', 'Energy_or_Work')


after we set the format for the menu


after we increment the counter


trying to populate the empty listNone


in the for loop('Plane Angle', 'PlaneAngle')


after we set the format for the menu


after we increment the counter


trying to populate the empty listNone


OrderedDict([('Metric To Imperial', 'Metric_to_Imperial'), ('Imperial to Metric', 'Imperial_to_Metric'), ('Imperial to Imperial', 'Imperial_to_Imperial'), ('Torque', 'Torque'), ('Power', 'Power'), ('Energy or Work', 'Energy_or_Work'), ('Plane Angle', 'PlaneAngle')])


here is after the main title


after we set the counter


in the for loop'Metric To Imperial'


after we set the format for the menu


after we increment the counter


in the for loop'Imperial to Metric'


after we set the format for the menu


after we increment the counter


in the for loop'Imperial to Imperial'


after we set the format for the menu


after we increment the counter


in the for loop'Torque'


after we set the format for the menu


after we increment the counter


in the for loop'Power'


after we set the format for the menu


after we increment the counter


in the for loop'Energy or Work'


after we set the format for the menu


after we increment the counter


in the for loop'Plane Angle'


after we set the format for the menu


after we increment the counter


trying to populate the empty list['Metric To Imperial', 'Imperial to Metric', 'Imperial to Imperial', 'Torque', 'Power', 'Energy or Work', 'Plane Angle']


OrderedDict([('Metric To Imperial', 'Metric_to_Imperial'), ('Imperial to Metric', 'Imperial_to_Metric'), ('Imperial to Imperial', 'Imperial_to_Imperial'), ('Torque', 'Torque'), ('Power', 'Power'), ('Energy or Work', 'Energy_or_Work'), ('Plane Angle', 'PlaneAngle')])


here is after the main title


after we set the counter


in the for loop'Metric To Imperial'


after we set the format for the menu


after we increment the counter


in the for loop'Imperial to Metric'


after we set the format for the menu


after we increment the counter


in the for loop'Imperial to Imperial'


after we set the format for the menu


after we increment the counter


in the for loop'Torque'


after we set the format for the menu


after we increment the counter


in the for loop'Power'


after we set the format for the menu


after we increment the counter


in the for loop'Energy or Work'


after we set the format for the menu


after we increment the counter


in the for loop'Plane Angle'


after we set the format for the menu


after we increment the counter


trying to populate the empty list['Metric To Imperial', 'Imperial to Metric', 'Imperial to Imperial', 'Torque', 'Power', 'Energy or Work', 'Plane Angle']


OrderedDict([('Metric To Imperial', 'Metric_to_Imperial'), ('Imperial to Metric', 'Imperial_to_Metric'), ('Imperial to Imperial', 'Imperial_to_Imperial'), ('Torque', 'Torque'), ('Power', 'Power'), ('Energy or Work', 'Energy_or_Work'), ('Plane Angle', 'PlaneAngle')])


here is after the main title


after we set the counter


in the for loop'Metric To Imperial'


after we set the format for the menu


after we increment the counter


in the for loop'Imperial to Metric'


after we set the format for the menu


after we increment the counter


in the for loop'Imperial to Imperial'


after we set the format for the menu


after we increment the counter


in the for loop'Torque'


after we set the format for the menu


after we increment the counter


in the for loop'Power'


after we set the format for the menu


after we increment the counter


in the for loop'Energy or Work'


after we set the format for the menu


after we increment the counter


in the for loop'Plane Angle'


after we set the format for the menu


after we increment the counter


trying to populate the empty list['Metric To Imperial', 'Imperial to Metric', 'Imperial to Imperial', 'Torque', 'Power', 'Energy or Work', 'Plane Angle', 'Metric To Imperial', 'Imperial to Metric', 'Imperial to Imperial', 'Torque', 'Power', 'Energy or Work', 'Plane Angle']


OrderedDict([('Metric To Imperial', 'Metric_to_Imperial'), ('Imperial to Metric', 'Imperial_to_Metric'), ('Imperial to Imperial', 'Imperial_to_Imperial'), ('Torque', 'Torque'), ('Power', 'Power'), ('Energy or Work', 'Energy_or_Work'), ('Plane Angle', 'PlaneAngle')])


here is after the main title


after we set the counter


in the for loop'Metric To Imperial'


after we set the format for the menu


after we increment the counter


in the for loop'Imperial to Metric'


after we set the format for the menu


after we increment the counter


in the for loop'Imperial to Imperial'


after we set the format for the menu


after we increment the counter


in the for loop'Torque'


after we set the format for the menu


after we increment the counter


in the for loop'Power'


after we set the format for the menu


after we increment the counter


in the for loop'Energy or Work'


after we set the format for the menu


after we increment the counter


in the for loop'Plane Angle'


after we set the format for the menu


after we increment the counter


trying to populate the empty list['Metric To Imperial', 'Imperial to Metric', 'Imperial to Imperial', 'Torque', 'Power', 'Energy or Work', 'Plane Angle', 'Metric To Imperial', 'Imperial to Metric', 'Imperial to Imperial', 'Torque', 'Power', 'Energy or Work', 'Plane Angle', 'Metric To Imperial', 'Imperial to Metric', 'Imperial to Imperial', 'Torque', 'Power', 'Energy or Work', 'Plane Angle']


OrderedDict([('Metric To Imperial', 'Metric_to_Imperial'), ('Imperial to Metric', 'Imperial_to_Metric'), ('Imperial to Imperial', 'Imperial_to_Imperial'), ('Torque', 'Torque'), ('Power', 'Power'), ('Energy or Work', 'Energy_or_Work'), ('Plane Angle', 'PlaneAngle')])


here is after the main title


after we set the counter


in the for loop'Metric To Imperial'


after we set the format for the menu


after we increment the counter


in the for loop'Imperial to Metric'


after we set the format for the menu


after we increment the counter


in the for loop'Imperial to Imperial'


after we set the format for the menu


after we increment the counter


in the for loop'Torque'


after we set the format for the menu


after we increment the counter


in the for loop'Power'


after we set the format for the menu


after we increment the counter


in the for loop'Energy or Work'


after we set the format for the menu


after we increment the counter


in the for loop'Plane Angle'


after we set the format for the menu


after we increment the counter


trying to populate the empty list['Metric To Imperial', 'Imperial to Metric', 'Imperial to Imperial', 'Torque', 'Power', 'Energy or Work', 'Plane Angle', 'Metric To Imperial', 'Imperial to Metric', 'Imperial to Imperial', 'Torque', 'Power', 'Energy or Work', 'Plane Angle', 'Metric To Imperial', 'Imperial to Metric', 'Imperial to Imperial', 'Torque', 'Power', 'Energy or Work', 'Plane Angle', 'Metric To Imperial', 'Imperial to Metric', 'Imperial to Imperial', 'Torque', 'Power', 'Energy or Work', 'Plane Angle']


OrderedDict([('Metric To Imperial', 'Metric_to_Imperial'), ('Imperial to Metric', 'Imperial_to_Metric'), ('Imperial to Imperial', 'Imperial_to_Imperial'), ('Torque', 'Torque'), ('Power', 'Power'), ('Energy or Work', 'Energy_or_Work'), ('Plane Angle', 'PlaneAngle')])


here is after the main title


after we set the counter


in the for loop'Metric To Imperial'


after we set the format for the menu


after we increment the counter


in the for loop'Imperial to Metric'


after we set the format for the menu


after we increment the counter


in the for loop'Imperial to Imperial'


after we set the format for the menu


after we increment the counter


in the for loop'Torque'


after we set the format for the menu


after we increment the counter


in the for loop'Power'


after we set the format for the menu


after we increment the counter


in the for loop'Energy or Work'


after we set the format for the menu


after we increment the counter


in the for loop'Plane Angle'


after we set the format for the menu


after we increment the counter


trying to populate the empty list['Metric To Imperial', 'Imperial to Metric', 'Imperial to Imperial', 'Torque', 'Power', 'Energy or Work', 'Plane Angle']


OrderedDict([('Metric To Imperial', 'Metric_to_Imperial'), ('Imperial to Metric', 'Imperial_to_Metric'), ('Imperial to Imperial', 'Imperial_to_Imperial'), ('Torque', 'Torque'), ('Power', 'Power'), ('Energy or Work', 'Energy_or_Work'), ('Plane Angle', 'PlaneAngle')])


here is after the main title


after we set the counter


in the for loop'Metric To Imperial'


after we set the format for the menu


after we increment the counter


in the for loop'Imperial to Metric'


after we set the format for the menu


after we increment the counter


in the for loop'Imperial to Imperial'


after we set the format for the menu


after we increment the counter


in the for loop'Torque'


after we set the format for the menu


after we increment the counter


in the for loop'Power'


after we set the format for the menu


after we increment the counter


in the for loop'Energy or Work'


after we set the format for the menu


after we increment the counter


in the for loop'Plane Angle'


after we set the format for the menu


after we increment the counter


trying to populate the empty list['Metric To Imperial', 'Imperial to Metric', 'Imperial to Imperial', 'Torque', 'Power', 'Energy or Work', 'Plane Angle', 'Metric To Imperial', 'Imperial to Metric', 'Imperial to Imperial', 'Torque', 'Power', 'Energy or Work', 'Plane Angle']


user input1


user input1


user input2


user input3


user inputq


user input1


user input2


user inputq


user input 1


user input 1


user input q


user input h


help


user input 1


try again


user input 2


try again


user input 3


try again


user input 4


try again


user input q


quit


user input 1


user input 1


user input 1


category set 0 


user input 1


category set 0 


user input 1


category set 0 


user input 2


category set 1 


user input 3


category set 2 


user input 1


category set 0 


user input 2


category set 1 


user input 9


category set 8 


user input 1


category set 0 


user input 9


user input 1


try again


user input 9


try again


user input q


quit


user input 1


category set 0 


user input 8


category set 7 


user input 8


user input 1


category set 0 


user input 8


category set 7 


user input 1


category set 0 


user input 8


category set 7 


user input 8


user input 8


user input 8


user input 8


user input 1


try again


user input 2


try again


user input q


quit


user input 1


try again


user input q


quit


user input 1


category set 0 


user input 1


category set 0 


user input 


user input 1


category set 0 


user input b


user input 1


try again


user input q


quit


user input 1


category set 0 


user input 1


category set 0 


user input 1


category set 0 


user input a


user input 8


category set 7 


user input 1


user input 8


user input 1


user input 8


try again


user input 1


try again


user input 1


try again


user input 1


try again


user input 1


try again


user input q


quit


user input 1


try again


user input q


quit


user input 1


category set 0 


user input 8


category set 7 


user input 8


category set 7 


user input 8


CHKCOMPAT: 8 ['a', 'c', 'Metric To Imperial', 'Imperial to Metric', 'Imperial to Imperial', 'Torque', 'Power', 'Energy or Work', 'Plane Angle']


user input 8


CHKCOMPAT: 8 ['a', 'c', 'Metric To Imperial', 'Imperial to Metric', 'Imperial to Imperial', 'Torque', 'Power', 'Energy or Work', 'Plane Angle']


category set 7 


user input g


user input ,


user input .


user input 1


user input h


user input d


user input .


user input 8


user input 7


user input 1


user input 1


user input f


user input 1


user input q


user input 8


user input 9


user input 9


user input 


user input 


user input 


user input 


user input 


user input n


user input 9


user input 9


user input 9


user input 9


user input 9


user input 9


user input 9


user input 7


user input 6


user input sdfg


user input h


user input 8


user input 9


user input 9


user input 9


user input 9


user input 9


user input 8


user input 9


user input 8


user input 8


user input 7


user input q


user input 8


user input 8


user input 9


user input 9


user input 8


user input 9


user input 9


user input 9


user input 9


user input 9


user input 9


user input 9


user input 9


user input 9


user input 9


user input 9


user input 9

