
17


Total Asset Turn-Over


global name 'argsin' is not defined


q


q


17


Total Asset Turn-Over


global name 'argsin' is not defined


q


q


17


Total Asset Turn-Over


(0.6782608695652174, 'Total Asset Turn-Over')


q


q


1


0


Acceleration


Acceleration


<module 'modules.Acceleration' from '/home/mmedina/try/Calculator/modules/Acceleration.pyc'>


<module 'modules.Acceleration' from '/home/mmedina/try/Calculator/modules/Acceleration.pyc'>


<class 'modules.Acceleration.Acceleration'>


<modules.Acceleration.Acceleration object at 0x7f4f01228410>


1


Feet/Sec Squared to Meters/Sec Squared


(71.3232, 'Meters/Sec^2s')


q


q


q

